core_cm4.h:1688:22:__NVIC_EnableIRQ	16	static
core_cm4.h:1816:22:__NVIC_SetPriority	16	static
main.c:54:5:main	24	static
main.c:153:6:GetMode	8	static
main.c:189:6:direction	16	static
main.c:218:5:getThetaAngle	32	static
main.c:233:6:setupUltrasonic	8	static
main.c:245:7:getDistance	8	static
main.c:257:6:EXTI9_5_IRQHandler	16	static
main.c:273:6:TIM3_IRQHandler	4	static
main.c:282:6:TIM4_IRQHandler	4	static
main.c:291:6:TIM2_IRQHandler	8	static
main.c:323:6:rightServoSetup	4	static
main.c:336:6:leftServoSetup	4	static
main.c:351:6:GPIO_Init	8	static
main.c:393:6:TIM2_CONTROL	8	static
main.c:425:6:TIM3_FEEDBACK_LEFTWHEEL	8	static
main.c:457:6:TIM4_FEEDBACK_RIGHTWHEEL	8	static
main.c:489:6:SystemClock_Config	160	static
main.c:531:13:MX_USART1_UART_Init	8	static
main.c:554:13:MX_USART2_UART_Init	8	static
main.c:577:6:Error_Handler	4	static,ignoring_inline_asm
